Archive member included because of file (symbol)

/home/cuil/Downloads/gcc-arm-none-eabi-4_8-2014q2/bin/../lib/gcc/arm-none-eabi/4.8.4/../../../../arm-none-eabi/lib/armv6-m/libc_s.a(lib_a-exit.o)
                              /home/cuil/Downloads/gcc-arm-none-eabi-4_8-2014q2/bin/../lib/gcc/arm-none-eabi/4.8.4/../../../../arm-none-eabi/lib/armv6-m/crt0.o (exit)
/home/cuil/Downloads/gcc-arm-none-eabi-4_8-2014q2/bin/../lib/gcc/arm-none-eabi/4.8.4/../../../../arm-none-eabi/lib/armv6-m/libc_s.a(lib_a-impure.o)
                              /home/cuil/Downloads/gcc-arm-none-eabi-4_8-2014q2/bin/../lib/gcc/arm-none-eabi/4.8.4/../../../../arm-none-eabi/lib/armv6-m/libc_s.a(lib_a-exit.o) (_global_impure_ptr)
/home/cuil/Downloads/gcc-arm-none-eabi-4_8-2014q2/bin/../lib/gcc/arm-none-eabi/4.8.4/../../../../arm-none-eabi/lib/armv6-m/libc_s.a(lib_a-init.o)
                              /home/cuil/Downloads/gcc-arm-none-eabi-4_8-2014q2/bin/../lib/gcc/arm-none-eabi/4.8.4/../../../../arm-none-eabi/lib/armv6-m/crt0.o (__libc_init_array)
/home/cuil/Downloads/gcc-arm-none-eabi-4_8-2014q2/bin/../lib/gcc/arm-none-eabi/4.8.4/../../../../arm-none-eabi/lib/armv6-m/libc_s.a(lib_a-memset.o)
                              /home/cuil/Downloads/gcc-arm-none-eabi-4_8-2014q2/bin/../lib/gcc/arm-none-eabi/4.8.4/../../../../arm-none-eabi/lib/armv6-m/crt0.o (memset)
/home/cuil/Downloads/gcc-arm-none-eabi-4_8-2014q2/bin/../lib/gcc/arm-none-eabi/4.8.4/../../../../arm-none-eabi/lib/armv6-m/libnosys.a(_exit.o)
                              /home/cuil/Downloads/gcc-arm-none-eabi-4_8-2014q2/bin/../lib/gcc/arm-none-eabi/4.8.4/../../../../arm-none-eabi/lib/armv6-m/libc_s.a(lib_a-exit.o) (_exit)

Allocating common symbols
Common symbol       size              file

SystemCoreClock     0x4               build/system_efm32zg.o

Discarded input sections

 .text          0x00000000        0x0 /home/cuil/Downloads/gcc-arm-none-eabi-4_8-2014q2/bin/../lib/gcc/arm-none-eabi/4.8.4/armv6-m/crti.o
 .data          0x00000000        0x0 /home/cuil/Downloads/gcc-arm-none-eabi-4_8-2014q2/bin/../lib/gcc/arm-none-eabi/4.8.4/armv6-m/crti.o
 .bss           0x00000000        0x0 /home/cuil/Downloads/gcc-arm-none-eabi-4_8-2014q2/bin/../lib/gcc/arm-none-eabi/4.8.4/armv6-m/crti.o
 .data          0x00000000        0x4 /home/cuil/Downloads/gcc-arm-none-eabi-4_8-2014q2/bin/../lib/gcc/arm-none-eabi/4.8.4/armv6-m/crtbegin.o
 .data          0x00000000        0x0 /home/cuil/Downloads/gcc-arm-none-eabi-4_8-2014q2/bin/../lib/gcc/arm-none-eabi/4.8.4/../../../../arm-none-eabi/lib/armv6-m/crt0.o
 .bss           0x00000000        0x0 /home/cuil/Downloads/gcc-arm-none-eabi-4_8-2014q2/bin/../lib/gcc/arm-none-eabi/4.8.4/../../../../arm-none-eabi/lib/armv6-m/crt0.o
 .ARM.extab     0x00000000        0x0 /home/cuil/Downloads/gcc-arm-none-eabi-4_8-2014q2/bin/../lib/gcc/arm-none-eabi/4.8.4/../../../../arm-none-eabi/lib/armv6-m/crt0.o
 .text          0x00000000        0x0 build/system_efm32zg.o
 .data          0x00000000        0x0 build/system_efm32zg.o
 .bss           0x00000000        0x0 build/system_efm32zg.o
 .data.SystemHFXOClock
                0x00000000        0x4 build/system_efm32zg.o
 .data.SystemLFXOClock
                0x00000000        0x4 build/system_efm32zg.o
 .text.SystemCoreClockGet
                0x00000000       0x38 build/system_efm32zg.o
 .text.SystemHFClockGet
                0x00000000       0xc4 build/system_efm32zg.o
 .text.SystemHFXOClockGet
                0x00000000        0xc build/system_efm32zg.o
 .text.SystemHFXOClockSet
                0x00000000       0x28 build/system_efm32zg.o
 .text.SystemLFRCOClockGet
                0x00000000        0x8 build/system_efm32zg.o
 .text.SystemULFRCOClockGet
                0x00000000        0x8 build/system_efm32zg.o
 .text.SystemLFXOClockGet
                0x00000000        0xc build/system_efm32zg.o
 .text.SystemLFXOClockSet
                0x00000000       0x28 build/system_efm32zg.o
 COMMON         0x00000000        0x4 build/system_efm32zg.o
 .text          0x00000000        0x0 build/bsp_stk_leds.o
 .data          0x00000000        0x0 build/bsp_stk_leds.o
 .bss           0x00000000        0x0 build/bsp_stk_leds.o
 .rodata        0x00000000       0x58 build/bsp_stk_leds.o
 .text.GPIO_PinOutClear
                0x00000000       0x5c build/bsp_stk_leds.o
 .text.GPIO_PinOutGet
                0x00000000       0x58 build/bsp_stk_leds.o
 .text.GPIO_PinOutSet
                0x00000000       0x5c build/bsp_stk_leds.o
 .text.GPIO_PinOutToggle
                0x00000000       0x5c build/bsp_stk_leds.o
 .rodata.ledArray
                0x00000000       0x10 build/bsp_stk_leds.o
 .text.BSP_LedsInit
                0x00000000       0x5c build/bsp_stk_leds.o
 .text.BSP_LedsGet
                0x00000000       0x58 build/bsp_stk_leds.o
 .text.BSP_LedsSet
                0x00000000       0x6c build/bsp_stk_leds.o
 .text.BSP_LedClear
                0x00000000       0x40 build/bsp_stk_leds.o
 .text.BSP_LedGet
                0x00000000       0x44 build/bsp_stk_leds.o
 .text.BSP_LedSet
                0x00000000       0x40 build/bsp_stk_leds.o
 .text.BSP_LedToggle
                0x00000000       0x40 build/bsp_stk_leds.o
 .debug_info    0x00000000      0x632 build/bsp_stk_leds.o
 .debug_abbrev  0x00000000      0x15a build/bsp_stk_leds.o
 .debug_aranges
                0x00000000       0x70 build/bsp_stk_leds.o
 .debug_ranges  0x00000000       0x60 build/bsp_stk_leds.o
 .debug_line    0x00000000      0x381 build/bsp_stk_leds.o
 .debug_str     0x00000000      0x63b build/bsp_stk_leds.o
 .comment       0x00000000       0x71 build/bsp_stk_leds.o
 .ARM.attributes
                0x00000000       0x32 build/bsp_stk_leds.o
 .debug_frame   0x00000000      0x124 build/bsp_stk_leds.o
 .text          0x00000000        0x0 build/em_assert.o
 .data          0x00000000        0x0 build/em_assert.o
 .bss           0x00000000        0x0 build/em_assert.o
 .text          0x00000000        0x0 build/em_cmu.o
 .data          0x00000000        0x0 build/em_cmu.o
 .bss           0x00000000        0x0 build/em_cmu.o
 .text.__CLZ    0x00000000       0x2c build/em_cmu.o
 .text.CMU_FlashWaitStateMax
                0x00000000       0x30 build/em_cmu.o
 .text.CMU_DivToLog2
                0x00000000       0x3c build/em_cmu.o
 .text.CMU_Log2ToDiv
                0x00000000       0x14 build/em_cmu.o
 .text.CMU_FlashWaitStateControl
                0x00000000       0x50 build/em_cmu.o
 .text.CMU_AUXClkGet
                0x00000000       0x80 build/em_cmu.o
 .text.CMU_DBGClkGet
                0x00000000       0x5c build/em_cmu.o
 .text.CMU_LFClkGet
                0x00000000       0x98 build/em_cmu.o
 .text.CMU_Calibrate
                0x00000000       0xa8 build/em_cmu.o
 .rodata.CMU_Calibrate
                0x00000000       0x14 build/em_cmu.o
 .text.CMU_CalibrateConfig
                0x00000000      0x100 build/em_cmu.o
 .rodata.CMU_CalibrateConfig
                0x00000000       0x28 build/em_cmu.o
 .text.CMU_ClockDivGet
                0x00000000       0xf4 build/em_cmu.o
 .text.CMU_ClockDivSet
                0x00000000      0x19c build/em_cmu.o
 .text.CMU_ClockFreqGet
                0x00000000      0x134 build/em_cmu.o
 .text.CMU_ClockSelectGet
                0x00000000      0x148 build/em_cmu.o
 .text.CMU_ClockSelectSet
                0x00000000      0x1ac build/em_cmu.o
 .rodata.CMU_ClockSelectSet
                0x00000000       0x50 build/em_cmu.o
 .text.CMU_FreezeEnable
                0x00000000       0x34 build/em_cmu.o
 .text.CMU_AUXHFRCOBandGet
                0x00000000       0x18 build/em_cmu.o
 .text.CMU_AUXHFRCOBandSet
                0x00000000       0xa4 build/em_cmu.o
 .rodata.CMU_AUXHFRCOBandSet
                0x00000000       0x20 build/em_cmu.o
 .text.CMU_HFRCOBandGet
                0x00000000       0x18 build/em_cmu.o
 .text.CMU_HFRCOBandSet
                0x00000000       0xd8 build/em_cmu.o
 .rodata.CMU_HFRCOBandSet
                0x00000000       0x14 build/em_cmu.o
 .text.CMU_HFRCOStartupDelayGet
                0x00000000       0x14 build/em_cmu.o
 .text.CMU_HFRCOStartupDelaySet
                0x00000000       0x48 build/em_cmu.o
 .text.CMU_LCDClkFDIVGet
                0x00000000        0x8 build/em_cmu.o
 .text.CMU_LCDClkFDIVSet
                0x00000000        0x8 build/em_cmu.o
 .text.CMU_OscillatorEnable
                0x00000000       0xd0 build/em_cmu.o
 .rodata.CMU_OscillatorEnable
                0x00000000       0x18 build/em_cmu.o
 .text.CMU_OscillatorTuningGet
                0x00000000       0x68 build/em_cmu.o
 .text.CMU_OscillatorTuningSet
                0x00000000       0xdc build/em_cmu.o
 .text.CMU_PCNTClockExternalGet
                0x00000000       0x44 build/em_cmu.o
 .text.CMU_PCNTClockExternalSet
                0x00000000       0x58 build/em_cmu.o
 .text          0x00000000        0x0 build/em_emu.o
 .data          0x00000000        0x0 build/em_emu.o
 .bss           0x00000000        0x0 build/em_emu.o
 .text.SystemCoreClockUpdate
                0x00000000        0x8 build/em_emu.o
 .text.CMU_Lock
                0x00000000       0x10 build/em_emu.o
 .text.CMU_Unlock
                0x00000000       0x14 build/em_emu.o
 .bss.cmuStatus
                0x00000000        0x2 build/em_emu.o
 .text.EMU_Restore
                0x00000000       0xb0 build/em_emu.o
 .text.EMU_EnterEM2
                0x00000000       0x58 build/em_emu.o
 .text.EMU_EnterEM3
                0x00000000       0x78 build/em_emu.o
 .text.EMU_EnterEM4
                0x00000000       0x38 build/em_emu.o
 .text.EMU_MemPwrDown
                0x00000000        0x8 build/em_emu.o
 .text.EMU_UpdateOscConfig
                0x00000000       0x14 build/em_emu.o
 .debug_info    0x00000000      0x4c1 build/em_emu.o
 .debug_abbrev  0x00000000      0x1a2 build/em_emu.o
 .debug_aranges
                0x00000000       0x60 build/em_emu.o
 .debug_ranges  0x00000000       0x50 build/em_emu.o
 .debug_line    0x00000000      0x3ab build/em_emu.o
 .debug_str     0x00000000      0x3c8 build/em_emu.o
 .comment       0x00000000       0x71 build/em_emu.o
 .ARM.attributes
                0x00000000       0x32 build/em_emu.o
 .debug_frame   0x00000000       0xc8 build/em_emu.o
 .text          0x00000000        0x0 build/em_gpio.o
 .data          0x00000000        0x0 build/em_gpio.o
 .bss           0x00000000        0x0 build/em_gpio.o
 .text.BITBAND_Peripheral
                0x00000000       0x3c build/em_gpio.o
 .text.GPIO_DbgLocationSet
                0x00000000        0x8 build/em_gpio.o
 .text.GPIO_IntConfig
                0x00000000      0x110 build/em_gpio.o
 .text          0x00000000        0x0 build/blink.o
 .data          0x00000000        0x0 build/blink.o
 .bss           0x00000000        0x0 build/blink.o
 .data          0x00000000        0x0 build/startup_efm32zg.o
 .bss           0x00000000        0x0 build/startup_efm32zg.o
 .text          0x00000000        0x0 /home/cuil/Downloads/gcc-arm-none-eabi-4_8-2014q2/bin/../lib/gcc/arm-none-eabi/4.8.4/../../../../arm-none-eabi/lib/armv6-m/libc_s.a(lib_a-exit.o)
 .data          0x00000000        0x0 /home/cuil/Downloads/gcc-arm-none-eabi-4_8-2014q2/bin/../lib/gcc/arm-none-eabi/4.8.4/../../../../arm-none-eabi/lib/armv6-m/libc_s.a(lib_a-exit.o)
 .bss           0x00000000        0x0 /home/cuil/Downloads/gcc-arm-none-eabi-4_8-2014q2/bin/../lib/gcc/arm-none-eabi/4.8.4/../../../../arm-none-eabi/lib/armv6-m/libc_s.a(lib_a-exit.o)
 .text          0x00000000        0x0 /home/cuil/Downloads/gcc-arm-none-eabi-4_8-2014q2/bin/../lib/gcc/arm-none-eabi/4.8.4/../../../../arm-none-eabi/lib/armv6-m/libc_s.a(lib_a-impure.o)
 .data          0x00000000        0x0 /home/cuil/Downloads/gcc-arm-none-eabi-4_8-2014q2/bin/../lib/gcc/arm-none-eabi/4.8.4/../../../../arm-none-eabi/lib/armv6-m/libc_s.a(lib_a-impure.o)
 .bss           0x00000000        0x0 /home/cuil/Downloads/gcc-arm-none-eabi-4_8-2014q2/bin/../lib/gcc/arm-none-eabi/4.8.4/../../../../arm-none-eabi/lib/armv6-m/libc_s.a(lib_a-impure.o)
 .data._impure_ptr
                0x00000000        0x4 /home/cuil/Downloads/gcc-arm-none-eabi-4_8-2014q2/bin/../lib/gcc/arm-none-eabi/4.8.4/../../../../arm-none-eabi/lib/armv6-m/libc_s.a(lib_a-impure.o)
 .text          0x00000000        0x0 /home/cuil/Downloads/gcc-arm-none-eabi-4_8-2014q2/bin/../lib/gcc/arm-none-eabi/4.8.4/../../../../arm-none-eabi/lib/armv6-m/libc_s.a(lib_a-init.o)
 .data          0x00000000        0x0 /home/cuil/Downloads/gcc-arm-none-eabi-4_8-2014q2/bin/../lib/gcc/arm-none-eabi/4.8.4/../../../../arm-none-eabi/lib/armv6-m/libc_s.a(lib_a-init.o)
 .bss           0x00000000        0x0 /home/cuil/Downloads/gcc-arm-none-eabi-4_8-2014q2/bin/../lib/gcc/arm-none-eabi/4.8.4/../../../../arm-none-eabi/lib/armv6-m/libc_s.a(lib_a-init.o)
 .text          0x00000000        0x0 /home/cuil/Downloads/gcc-arm-none-eabi-4_8-2014q2/bin/../lib/gcc/arm-none-eabi/4.8.4/../../../../arm-none-eabi/lib/armv6-m/libc_s.a(lib_a-memset.o)
 .data          0x00000000        0x0 /home/cuil/Downloads/gcc-arm-none-eabi-4_8-2014q2/bin/../lib/gcc/arm-none-eabi/4.8.4/../../../../arm-none-eabi/lib/armv6-m/libc_s.a(lib_a-memset.o)
 .bss           0x00000000        0x0 /home/cuil/Downloads/gcc-arm-none-eabi-4_8-2014q2/bin/../lib/gcc/arm-none-eabi/4.8.4/../../../../arm-none-eabi/lib/armv6-m/libc_s.a(lib_a-memset.o)
 .text          0x00000000        0x0 /home/cuil/Downloads/gcc-arm-none-eabi-4_8-2014q2/bin/../lib/gcc/arm-none-eabi/4.8.4/../../../../arm-none-eabi/lib/armv6-m/libnosys.a(_exit.o)
 .data          0x00000000        0x0 /home/cuil/Downloads/gcc-arm-none-eabi-4_8-2014q2/bin/../lib/gcc/arm-none-eabi/4.8.4/../../../../arm-none-eabi/lib/armv6-m/libnosys.a(_exit.o)
 .bss           0x00000000        0x0 /home/cuil/Downloads/gcc-arm-none-eabi-4_8-2014q2/bin/../lib/gcc/arm-none-eabi/4.8.4/../../../../arm-none-eabi/lib/armv6-m/libnosys.a(_exit.o)
 .text          0x00000000        0x0 /home/cuil/Downloads/gcc-arm-none-eabi-4_8-2014q2/bin/../lib/gcc/arm-none-eabi/4.8.4/armv6-m/crtend.o
 .data          0x00000000        0x0 /home/cuil/Downloads/gcc-arm-none-eabi-4_8-2014q2/bin/../lib/gcc/arm-none-eabi/4.8.4/armv6-m/crtend.o
 .bss           0x00000000        0x0 /home/cuil/Downloads/gcc-arm-none-eabi-4_8-2014q2/bin/../lib/gcc/arm-none-eabi/4.8.4/armv6-m/crtend.o
 .jcr           0x00000000        0x4 /home/cuil/Downloads/gcc-arm-none-eabi-4_8-2014q2/bin/../lib/gcc/arm-none-eabi/4.8.4/armv6-m/crtend.o
 .text          0x00000000        0x0 /home/cuil/Downloads/gcc-arm-none-eabi-4_8-2014q2/bin/../lib/gcc/arm-none-eabi/4.8.4/armv6-m/crtn.o
 .data          0x00000000        0x0 /home/cuil/Downloads/gcc-arm-none-eabi-4_8-2014q2/bin/../lib/gcc/arm-none-eabi/4.8.4/armv6-m/crtn.o
 .bss           0x00000000        0x0 /home/cuil/Downloads/gcc-arm-none-eabi-4_8-2014q2/bin/../lib/gcc/arm-none-eabi/4.8.4/armv6-m/crtn.o

Memory Configuration

Name             Origin             Length             Attributes
FLASH            0x00000000         0x00008000         xr
RAM              0x20000000         0x00001000         xrw
*default*        0x00000000         0xffffffff

Linker script and memory map

LOAD /home/cuil/Downloads/gcc-arm-none-eabi-4_8-2014q2/bin/../lib/gcc/arm-none-eabi/4.8.4/armv6-m/crti.o
LOAD /home/cuil/Downloads/gcc-arm-none-eabi-4_8-2014q2/bin/../lib/gcc/arm-none-eabi/4.8.4/armv6-m/crtbegin.o
LOAD /home/cuil/Downloads/gcc-arm-none-eabi-4_8-2014q2/bin/../lib/gcc/arm-none-eabi/4.8.4/../../../../arm-none-eabi/lib/armv6-m/crt0.o
LOAD build/system_efm32zg.o
LOAD build/bsp_stk_leds.o
LOAD build/em_assert.o
LOAD build/em_cmu.o
LOAD build/em_emu.o
LOAD build/em_gpio.o
LOAD build/blink.o
LOAD build/startup_efm32zg.o
START GROUP
LOAD /home/cuil/Downloads/gcc-arm-none-eabi-4_8-2014q2/bin/../lib/gcc/arm-none-eabi/4.8.4/armv6-m/libgcc.a
LOAD /home/cuil/Downloads/gcc-arm-none-eabi-4_8-2014q2/bin/../lib/gcc/arm-none-eabi/4.8.4/../../../../arm-none-eabi/lib/armv6-m/libc_s.a
LOAD /home/cuil/Downloads/gcc-arm-none-eabi-4_8-2014q2/bin/../lib/gcc/arm-none-eabi/4.8.4/../../../../arm-none-eabi/lib/armv6-m/libnosys.a
END GROUP
START GROUP
LOAD /home/cuil/Downloads/gcc-arm-none-eabi-4_8-2014q2/bin/../lib/gcc/arm-none-eabi/4.8.4/armv6-m/libgcc.a
LOAD /home/cuil/Downloads/gcc-arm-none-eabi-4_8-2014q2/bin/../lib/gcc/arm-none-eabi/4.8.4/../../../../arm-none-eabi/lib/armv6-m/libc_s.a
END GROUP
START GROUP
LOAD /home/cuil/Downloads/gcc-arm-none-eabi-4_8-2014q2/bin/../lib/gcc/arm-none-eabi/4.8.4/armv6-m/libgcc.a
LOAD /home/cuil/Downloads/gcc-arm-none-eabi-4_8-2014q2/bin/../lib/gcc/arm-none-eabi/4.8.4/../../../../arm-none-eabi/lib/armv6-m/libc_s.a
END GROUP
LOAD /home/cuil/Downloads/gcc-arm-none-eabi-4_8-2014q2/bin/../lib/gcc/arm-none-eabi/4.8.4/armv6-m/crtend.o
LOAD /home/cuil/Downloads/gcc-arm-none-eabi-4_8-2014q2/bin/../lib/gcc/arm-none-eabi/4.8.4/armv6-m/crtn.o

.text           0x00000000      0x8bc
 *(.isr_vector)
 .isr_vector    0x00000000      0x100 build/startup_efm32zg.o
                0x00000000                __isr_vector
 *(.text*)
 .text          0x00000100       0x60 /home/cuil/Downloads/gcc-arm-none-eabi-4_8-2014q2/bin/../lib/gcc/arm-none-eabi/4.8.4/armv6-m/crtbegin.o
 .text          0x00000160       0x78 /home/cuil/Downloads/gcc-arm-none-eabi-4_8-2014q2/bin/../lib/gcc/arm-none-eabi/4.8.4/../../../../arm-none-eabi/lib/armv6-m/crt0.o
                0x00000160                _mainCRTStartup
                0x00000160                _start
 .text.SystemInit
                0x000001d8        0x4 build/system_efm32zg.o
                0x000001d8                SystemInit
 .text.assertEFM
                0x000001dc        0x8 build/em_assert.o
                0x000001dc                assertEFM
 .text.BITBAND_Peripheral
                0x000001e4       0x3c build/em_cmu.o
 .text.CMU_Sync
                0x00000220       0x24 build/em_cmu.o
 .text.CMU_ClockEnable
                0x00000244       0xb8 build/em_cmu.o
                0x00000244                CMU_ClockEnable
 .text.GPIO_DriveModeSet
                0x000002fc       0x74 build/em_gpio.o
                0x000002fc                GPIO_DriveModeSet
 .text.GPIO_PinModeSet
                0x00000370      0x194 build/em_gpio.o
                0x00000370                GPIO_PinModeSet
 .text.CHIP_Init
                0x00000504        0x4 build/blink.o
 .text.GPIO_PinInGet
                0x00000508       0x58 build/blink.o
 .text.GPIO_PinOutClear
                0x00000560       0x5c build/blink.o
 .text.GPIO_PinOutSet
                0x000005bc       0x5c build/blink.o
 .text.main     0x00000618       0x74 build/blink.o
                0x00000618                main
 .text          0x0000068c       0x60 build/startup_efm32zg.o
                0x0000068c                Reset_Handler
                0x000006bc                Default_Handler
                0x000006be                NMI_Handler
                0x000006c0                HardFault_Handler
                0x000006c2                SVC_Handler
                0x000006c4                PendSV_Handler
                0x000006c6                SysTick_Handler
                0x000006c8                DMA_IRQHandler
                0x000006ca                GPIO_EVEN_IRQHandler
                0x000006cc                TIMER0_IRQHandler
                0x000006ce                ACMP0_IRQHandler
                0x000006d0                ADC0_IRQHandler
                0x000006d2                I2C0_IRQHandler
                0x000006d4                GPIO_ODD_IRQHandler
                0x000006d6                TIMER1_IRQHandler
                0x000006d8                USART1_RX_IRQHandler
                0x000006da                USART1_TX_IRQHandler
                0x000006dc                LEUART0_IRQHandler
                0x000006de                PCNT0_IRQHandler
                0x000006e0                RTC_IRQHandler
                0x000006e2                CMU_IRQHandler
                0x000006e4                VCMP_IRQHandler
                0x000006e6                MSC_IRQHandler
                0x000006e8                AES_IRQHandler
 .text.exit     0x000006ec       0x2c /home/cuil/Downloads/gcc-arm-none-eabi-4_8-2014q2/bin/../lib/gcc/arm-none-eabi/4.8.4/../../../../arm-none-eabi/lib/armv6-m/libc_s.a(lib_a-exit.o)
                0x000006ec                exit
 .text.__libc_init_array
                0x00000718       0x4c /home/cuil/Downloads/gcc-arm-none-eabi-4_8-2014q2/bin/../lib/gcc/arm-none-eabi/4.8.4/../../../../arm-none-eabi/lib/armv6-m/libc_s.a(lib_a-init.o)
                0x00000718                __libc_init_array
 .text.memset   0x00000764       0x10 /home/cuil/Downloads/gcc-arm-none-eabi-4_8-2014q2/bin/../lib/gcc/arm-none-eabi/4.8.4/../../../../arm-none-eabi/lib/armv6-m/libc_s.a(lib_a-memset.o)
                0x00000764                memset
 .text._exit    0x00000774        0x4 /home/cuil/Downloads/gcc-arm-none-eabi-4_8-2014q2/bin/../lib/gcc/arm-none-eabi/4.8.4/../../../../arm-none-eabi/lib/armv6-m/libnosys.a(_exit.o)
                0x00000774                _exit
 *(.init)
 .init          0x00000778        0x4 /home/cuil/Downloads/gcc-arm-none-eabi-4_8-2014q2/bin/../lib/gcc/arm-none-eabi/4.8.4/armv6-m/crti.o
                0x00000778                _init
 .init          0x0000077c        0x8 /home/cuil/Downloads/gcc-arm-none-eabi-4_8-2014q2/bin/../lib/gcc/arm-none-eabi/4.8.4/armv6-m/crtn.o
 *(.fini)
 .fini          0x00000784        0x4 /home/cuil/Downloads/gcc-arm-none-eabi-4_8-2014q2/bin/../lib/gcc/arm-none-eabi/4.8.4/armv6-m/crti.o
                0x00000784                _fini
 .fini          0x00000788        0x8 /home/cuil/Downloads/gcc-arm-none-eabi-4_8-2014q2/bin/../lib/gcc/arm-none-eabi/4.8.4/armv6-m/crtn.o
 *crtbegin.o(.ctors)
 *crtbegin?.o(.ctors)
 *(EXCLUDE_FILE(*crtend.o *crtend?.o) .ctors)
 *(SORT(.ctors.*))
 *(.ctors)
 *crtbegin.o(.dtors)
 *crtbegin?.o(.dtors)
 *(EXCLUDE_FILE(*crtend.o *crtend?.o) .dtors)
 *(SORT(.dtors.*))
 *(.dtors)
 *(.rodata*)
 .rodata        0x00000790       0x54 build/em_cmu.o
 .rodata.CMU_ClockEnable
                0x000007e4       0x1c build/em_cmu.o
 .rodata        0x00000800       0x58 build/em_gpio.o
 .rodata        0x00000858       0x58 build/blink.o
 .rodata.str1.1
                0x000008b0        0x2 /home/cuil/Downloads/gcc-arm-none-eabi-4_8-2014q2/bin/../lib/gcc/arm-none-eabi/4.8.4/../../../../arm-none-eabi/lib/armv6-m/libc_s.a(lib_a-impure.o)
 *fill*         0x000008b2        0x2 
 .rodata._global_impure_ptr
                0x000008b4        0x4 /home/cuil/Downloads/gcc-arm-none-eabi-4_8-2014q2/bin/../lib/gcc/arm-none-eabi/4.8.4/../../../../arm-none-eabi/lib/armv6-m/libc_s.a(lib_a-impure.o)
                0x000008b4                _global_impure_ptr
 *(.eh_frame*)
 .eh_frame      0x000008b8        0x0 /home/cuil/Downloads/gcc-arm-none-eabi-4_8-2014q2/bin/../lib/gcc/arm-none-eabi/4.8.4/armv6-m/crtbegin.o
 .eh_frame      0x000008b8        0x4 /home/cuil/Downloads/gcc-arm-none-eabi-4_8-2014q2/bin/../lib/gcc/arm-none-eabi/4.8.4/armv6-m/crtend.o

.glue_7         0x000008bc        0x0
 .glue_7        0x00000000        0x0 linker stubs

.glue_7t        0x000008bc        0x0
 .glue_7t       0x00000000        0x0 linker stubs

.vfp11_veneer   0x000008bc        0x0
 .vfp11_veneer  0x00000000        0x0 linker stubs

.v4_bx          0x000008bc        0x0
 .v4_bx         0x00000000        0x0 linker stubs

.iplt           0x000008bc        0x0
 .iplt          0x00000000        0x0 /home/cuil/Downloads/gcc-arm-none-eabi-4_8-2014q2/bin/../lib/gcc/arm-none-eabi/4.8.4/armv6-m/crtbegin.o

.ARM.extab
 *(.ARM.extab* .gnu.linkonce.armextab.*)
                0x000008bc                __exidx_start = .

.ARM.exidx      0x000008bc        0x8
 *(.ARM.exidx* .gnu.linkonce.armexidx.*)
 .ARM.exidx     0x000008bc        0x8 /home/cuil/Downloads/gcc-arm-none-eabi-4_8-2014q2/bin/../lib/gcc/arm-none-eabi/4.8.4/../../../../arm-none-eabi/lib/armv6-m/crt0.o
                0x000008c4                __exidx_end = .
                0x000008c4                __etext = .

.rel.dyn        0x000008c4        0x0
 .rel.iplt      0x00000000        0x0 /home/cuil/Downloads/gcc-arm-none-eabi-4_8-2014q2/bin/../lib/gcc/arm-none-eabi/4.8.4/armv6-m/crtbegin.o

.data           0x20000000       0x68 load address 0x000008c4
                0x20000000                __data_start__ = .
 *(vtable)
 *(.data*)
 .data.impure_data
                0x20000000       0x60 /home/cuil/Downloads/gcc-arm-none-eabi-4_8-2014q2/bin/../lib/gcc/arm-none-eabi/4.8.4/../../../../arm-none-eabi/lib/armv6-m/libc_s.a(lib_a-impure.o)
                0x20000060                . = ALIGN (0x4)
 *(.ram)
                0x20000060                . = ALIGN (0x4)
                0x20000060                PROVIDE (__preinit_array_start, .)
 *(.preinit_array)
                0x20000060                PROVIDE (__preinit_array_end, .)
                0x20000060                . = ALIGN (0x4)
                0x20000060                PROVIDE (__init_array_start, .)
 *(SORT(.init_array.*))
 *(.init_array)
 .init_array    0x20000060        0x4 /home/cuil/Downloads/gcc-arm-none-eabi-4_8-2014q2/bin/../lib/gcc/arm-none-eabi/4.8.4/armv6-m/crtbegin.o
                0x20000064                PROVIDE (__init_array_end, .)
                0x20000064                . = ALIGN (0x4)
                0x20000064                PROVIDE (__fini_array_start, .)
 *(SORT(.fini_array.*))
 *(.fini_array)
 .fini_array    0x20000064        0x4 /home/cuil/Downloads/gcc-arm-none-eabi-4_8-2014q2/bin/../lib/gcc/arm-none-eabi/4.8.4/armv6-m/crtbegin.o
                0x20000068                PROVIDE (__fini_array_end, .)
                0x20000068                . = ALIGN (0x4)
                0x20000068                __data_end__ = .

.jcr            0x20000068        0x0 load address 0x0000092c
 .jcr           0x20000068        0x0 /home/cuil/Downloads/gcc-arm-none-eabi-4_8-2014q2/bin/../lib/gcc/arm-none-eabi/4.8.4/armv6-m/crtbegin.o

.igot.plt       0x20000068        0x0 load address 0x0000092c
 .igot.plt      0x00000000        0x0 /home/cuil/Downloads/gcc-arm-none-eabi-4_8-2014q2/bin/../lib/gcc/arm-none-eabi/4.8.4/armv6-m/crtbegin.o

.bss            0x20000068       0x1c load address 0x0000092c
                0x20000068                __bss_start__ = .
 *(.bss*)
 .bss           0x20000068       0x1c /home/cuil/Downloads/gcc-arm-none-eabi-4_8-2014q2/bin/../lib/gcc/arm-none-eabi/4.8.4/armv6-m/crtbegin.o
 *(COMMON)
                0x20000084                __bss_end__ = .

.heap           0x20000088        0x0
                0x20000088                __end__ = .
                0x20000088                end = __end__
                0x20000088                _end = __end__
 *(.heap*)
 .heap          0x20000088        0x0 build/startup_efm32zg.o
                0x20000088                __HeapLimit = .

.stack_dummy    0x20000088      0x400
 *(.stack)
 .stack         0x20000088      0x400 build/startup_efm32zg.o
                0x20001000                __StackTop = (ORIGIN (RAM) + 0x1000)
                0x20000c00                __StackLimit = (__StackTop - SIZEOF (.stack_dummy))
                0x20001000                PROVIDE (__stack, __StackTop)
                0x00000001                ASSERT ((__StackLimit >= __HeapLimit), region RAM overflowed with stack)
OUTPUT(exe/main.out elf32-littlearm)

.ARM.attributes
                0x00000000       0x28
 .ARM.attributes
                0x00000000       0x1e /home/cuil/Downloads/gcc-arm-none-eabi-4_8-2014q2/bin/../lib/gcc/arm-none-eabi/4.8.4/armv6-m/crti.o
 .ARM.attributes
                0x0000001e       0x2c /home/cuil/Downloads/gcc-arm-none-eabi-4_8-2014q2/bin/../lib/gcc/arm-none-eabi/4.8.4/armv6-m/crtbegin.o
 .ARM.attributes
                0x0000004a       0x1b /home/cuil/Downloads/gcc-arm-none-eabi-4_8-2014q2/bin/../lib/gcc/arm-none-eabi/4.8.4/../../../../arm-none-eabi/lib/armv6-m/crt0.o
 .ARM.attributes
                0x00000065       0x32 build/system_efm32zg.o
 .ARM.attributes
                0x00000097       0x32 build/em_assert.o
 .ARM.attributes
                0x000000c9       0x32 build/em_cmu.o
 .ARM.attributes
                0x000000fb       0x32 build/em_gpio.o
 .ARM.attributes
                0x0000012d       0x32 build/blink.o
 .ARM.attributes
                0x0000015f       0x1b build/startup_efm32zg.o
 .ARM.attributes
                0x0000017a       0x2c /home/cuil/Downloads/gcc-arm-none-eabi-4_8-2014q2/bin/../lib/gcc/arm-none-eabi/4.8.4/../../../../arm-none-eabi/lib/armv6-m/libc_s.a(lib_a-exit.o)
 .ARM.attributes
                0x000001a6       0x2c /home/cuil/Downloads/gcc-arm-none-eabi-4_8-2014q2/bin/../lib/gcc/arm-none-eabi/4.8.4/../../../../arm-none-eabi/lib/armv6-m/libc_s.a(lib_a-impure.o)
 .ARM.attributes
                0x000001d2       0x2c /home/cuil/Downloads/gcc-arm-none-eabi-4_8-2014q2/bin/../lib/gcc/arm-none-eabi/4.8.4/../../../../arm-none-eabi/lib/armv6-m/libc_s.a(lib_a-init.o)
 .ARM.attributes
                0x000001fe       0x2c /home/cuil/Downloads/gcc-arm-none-eabi-4_8-2014q2/bin/../lib/gcc/arm-none-eabi/4.8.4/../../../../arm-none-eabi/lib/armv6-m/libc_s.a(lib_a-memset.o)
 .ARM.attributes
                0x0000022a       0x2c /home/cuil/Downloads/gcc-arm-none-eabi-4_8-2014q2/bin/../lib/gcc/arm-none-eabi/4.8.4/../../../../arm-none-eabi/lib/armv6-m/libnosys.a(_exit.o)
 .ARM.attributes
                0x00000256       0x2c /home/cuil/Downloads/gcc-arm-none-eabi-4_8-2014q2/bin/../lib/gcc/arm-none-eabi/4.8.4/armv6-m/crtend.o
 .ARM.attributes
                0x00000282       0x1e /home/cuil/Downloads/gcc-arm-none-eabi-4_8-2014q2/bin/../lib/gcc/arm-none-eabi/4.8.4/armv6-m/crtn.o

.comment        0x00000000       0x70
 .comment       0x00000000       0x70 build/system_efm32zg.o
                                 0x71 (size before relaxing)
 .comment       0x00000000       0x71 build/em_assert.o
 .comment       0x00000000       0x71 build/em_cmu.o
 .comment       0x00000000       0x71 build/em_gpio.o
 .comment       0x00000000       0x71 build/blink.o

.debug_info     0x00000000     0x1ae6
 .debug_info    0x00000000      0x3a0 build/system_efm32zg.o
 .debug_info    0x000003a0       0x6d build/em_assert.o
 .debug_info    0x0000040d      0xdc0 build/em_cmu.o
 .debug_info    0x000011cd      0x482 build/em_gpio.o
 .debug_info    0x0000164f      0x497 build/blink.o

.debug_abbrev   0x00000000      0x6e9
 .debug_abbrev  0x00000000      0x185 build/system_efm32zg.o
 .debug_abbrev  0x00000185       0x61 build/em_assert.o
 .debug_abbrev  0x000001e6      0x267 build/em_cmu.o
 .debug_abbrev  0x0000044d      0x15b build/em_gpio.o
 .debug_abbrev  0x000005a8      0x141 build/blink.o

.debug_aranges  0x00000000      0x218
 .debug_aranges
                0x00000000       0x60 build/system_efm32zg.o
 .debug_aranges
                0x00000060       0x20 build/em_assert.o
 .debug_aranges
                0x00000080      0x118 build/em_cmu.o
 .debug_aranges
                0x00000198       0x40 build/em_gpio.o
 .debug_aranges
                0x000001d8       0x40 build/blink.o

.debug_ranges   0x00000000      0x1c8
 .debug_ranges  0x00000000       0x50 build/system_efm32zg.o
 .debug_ranges  0x00000050       0x10 build/em_assert.o
 .debug_ranges  0x00000060      0x108 build/em_cmu.o
 .debug_ranges  0x00000168       0x30 build/em_gpio.o
 .debug_ranges  0x00000198       0x30 build/blink.o

.debug_line     0x00000000      0xfd2
 .debug_line    0x00000000      0x280 build/system_efm32zg.o
 .debug_line    0x00000280       0x8b build/em_assert.o
 .debug_line    0x0000030b      0x789 build/em_cmu.o
 .debug_line    0x00000a94      0x2cd build/em_gpio.o
 .debug_line    0x00000d61      0x271 build/blink.o

.debug_str      0x00000000      0xf9b
 .debug_str     0x00000000      0x368 build/system_efm32zg.o
                                0x3c5 (size before relaxing)
 .debug_str     0x00000368       0x6b build/em_assert.o
                                0x115 (size before relaxing)
 .debug_str     0x000003d3      0x7d9 build/em_cmu.o
                                0xa72 (size before relaxing)
 .debug_str     0x00000bac      0x384 build/em_gpio.o
                                0x527 (size before relaxing)
 .debug_str     0x00000f30       0x6b build/blink.o
                                0x5cc (size before relaxing)

.debug_frame    0x00000000      0x558
 .debug_frame   0x00000000       0xbc build/system_efm32zg.o
 .debug_frame   0x000000bc       0x24 build/em_assert.o
 .debug_frame   0x000000e0      0x2d0 build/em_cmu.o
 .debug_frame   0x000003b0       0x8c build/em_gpio.o
 .debug_frame   0x0000043c       0x88 build/blink.o
 .debug_frame   0x000004c4       0x28 /home/cuil/Downloads/gcc-arm-none-eabi-4_8-2014q2/bin/../lib/gcc/arm-none-eabi/4.8.4/../../../../arm-none-eabi/lib/armv6-m/libc_s.a(lib_a-exit.o)
 .debug_frame   0x000004ec       0x2c /home/cuil/Downloads/gcc-arm-none-eabi-4_8-2014q2/bin/../lib/gcc/arm-none-eabi/4.8.4/../../../../arm-none-eabi/lib/armv6-m/libc_s.a(lib_a-init.o)
 .debug_frame   0x00000518       0x20 /home/cuil/Downloads/gcc-arm-none-eabi-4_8-2014q2/bin/../lib/gcc/arm-none-eabi/4.8.4/../../../../arm-none-eabi/lib/armv6-m/libc_s.a(lib_a-memset.o)
 .debug_frame   0x00000538       0x20 /home/cuil/Downloads/gcc-arm-none-eabi-4_8-2014q2/bin/../lib/gcc/arm-none-eabi/4.8.4/../../../../arm-none-eabi/lib/armv6-m/libnosys.a(_exit.o)
